eeschema (2013-05-16 BZR 4016)-stable  >> Creation date: 23/10/2013 11:27:59
#Cmp ( order = Reference )
| AFF1       KW4-361     
| C1         10uF        
| C2         22pF        
| C3         22pF        
| C4         100uF       
| C5         100nF       
| C6         100nF       
| C31        1uF         
| C32        1uF         
| C33        1uF         
| C34        1uF         
| C35        1uF         
| CON1       DC_JACK     
| D1         5819        
| D4         1N4148      
| D20        LED         
| D21        LED         
| D22        LED         
| D23        LED         
| D24        LED         
| D25        LED         
| D26        LED         
| D27        LED         
| DISPLAY1   LCD16X2     
| DISPLAY2   LCD12864/240128
| IC1        STC89C52RC  
| J1         DB9         
| J2         USB         
| K1         RELAY       
| K2         CONN_3      
| LED1       PWR         
| LED2       REL         
| P1         JSM         
| P2         JPW         
| P3         ISP         
| P4         CONN_17     
| P5         CONN_19     
| P6         AVR/51      
| P7         JLED        
| P8         CONN_2      
| PR1        10k         
| Q2         S8550       
| Q4         S8550       
| Q10        S8550       
| Q11        S8550       
| Q12        S8550       
| Q13        S8550       
| R1         10k         
| R2         1k          
| R4         5.1k        
| R10        5,1k        
| R11        5,1k        
| R12        5,1k        
| R13        5,1k        
| R21        5,1k        
| R41        5,1k        
| R42        1k          
| R-0        1k          
| R-1        1k          
| R-2        1k          
| R-3        1k          
| R-4        1k          
| R-5        1k          
| R-6        1k          
| R-7        1k          
| RP102      1k          
| RST1       RET         
| RW1        POT         
| RW2        POT         
| S1         SWITCH2X3   
| SPK1       PIEZO       
| SW1        ~           
| SW2        ~           
| SW3        ~           
| SW4        ~           
| SW5        ~           
| SW6        ~           
| U1         MAX232      
| U2         DS18B20     
| U3         IR1838      
| YO1        QUARTZ      
#End Cmp

#Cmp ( order = Value )
| KW4-361      AFF1      
| 22pF         C2        
| 1uF          C33       
| 1k           R-5       
| 22pF         C3        
| 100nF        C5        
| 100nF        C6        
| 1uF          C31       
| 1uF          C32       
| 1k           R-4       
| 1k           R-3       
| 1k           R-2       
| 1k           R-1       
| 1uF          C34       
| 1uF          C35       
| 10uF         C1        
| 100uF        C4        
| DC_JACK      CON1      
| 1k           R-6       
| 1k           R-7       
| 5819         D1        
| 1N4148       D4        
| LED          D20       
| LED          D21       
| 1k           R-0       
| LED          D22       
| LED          D23       
| LED          D24       
| LED          D25       
| LED          D26       
| LED          D27       
| LCD16X2      DISPLAY1  
| LCD12864/240128 DISPLAY2  
| STC89C52RC   IC1       
| DB9          J1        
| USB          J2        
| RELAY        K1        
| CONN_3       K2        
| PWR          LED1      
| REL          LED2      
| JSM          P1        
| JPW          P2        
| ISP          P3        
| CONN_17      P4        
| CONN_19      P5        
| AVR/51       P6        
| JLED         P7        
| CONN_2       P8        
| 10k          PR1       
| S8550        Q2        
| S8550        Q4        
| S8550        Q10       
| S8550        Q11       
| S8550        Q12       
| S8550        Q13       
| 1k           R2        
| 1k           R42       
| 5.1k         R4        
| 5,1k         R10       
| 5,1k         R11       
| 5,1k         R12       
| 5,1k         R13       
| 5,1k         R21       
| 5,1k         R41       
| 10k          R1        
| 1k           RP102     
| RET          RST1      
| POT          RW1       
| POT          RW2       
| SWITCH2X3    S1        
| PIEZO        SPK1      
| ~            SW1       
| ~            SW2       
| ~            SW3       
| ~            SW4       
| ~            SW5       
| ~            SW6       
| MAX232       U1        
| DS18B20      U2        
| IR1838       U3        
| QUARTZ       YO1       
#End Cmp

#End List
